// Jest Snapshot v1, https://goo.gl/fbAQLP

exports[`Apollo Server should execute query operation 1`] = `
Object {
  "data": Object {
    "products": Array [
      Object {
        "id": "e9a351a0-0ffe-4027-9e0a-66b44ac88bc5",
        "name": "Product 1",
        "price": 10.5,
      },
      Object {
        "id": "92c22737-5edf-4aef-a045-6988211319c0",
        "name": "Product 2",
        "price": 7.99,
      },
      Object {
        "id": "5b4e3df7-b455-4397-aee4-4b2cfe2e130a",
        "name": "Product 3",
        "price": 80,
      },
    ],
  },
  "errors": undefined,
  "extensions": undefined,
  "http": Object {
    "headers": Headers {
      Symbol(map): Object {},
    },
  },
}
`;

exports[`Apollo Server should not execute query operation 1`] = `
Object {
  "data": undefined,
  "errors": Array [
    [SyntaxError: Syntax Error: Expected Name, found "}".],
  ],
  "extensions": undefined,
  "http": Object {
    "headers": Headers {
      Symbol(map): Object {},
    },
  },
}
`;
